// Jest Snapshot v1, https://goo.gl/fbAQLP

exports[`<Footer /> should render 1`] = `
.c1 {
  text-align: center;
}

.c1 p {
  font-size: 1.6rem;
}

.c0 {
  max-width: 120rem;
  margin: 0 auto;
  padding: 3.2rem;
}

.c2 {
  font-size: 2.4rem;
}

<div>
  <div
    class="c0"
  >
    <footer
      class="c1"
    >
      <div
        class="c2"
      >
        <h1>
          Hello
        </h1>
      </div>
    </footer>
  </div>
</div>
`;
